---
source: tui/src/bottom_pane/chat_composer.rs
expression: terminal.backend()
---
"▌short                                                                                              "
"▌                                                                                                   "
"▌                                                                                                   "
"▌                                                                                                   "
"▌                                                                                                   "
"▌                                                                                                   "
"▌                                                                                                   "
"▌                                                                                                   "
"▌                                                                                                   "
" ⏎ send   Ctrl+J newline   Ctrl+C quit                                                              "
